// Jest Snapshot v1, https://goo.gl/fbAQLP

exports[`ErrorTeamsList should match snapshot 1`] = `
<View
  style={
    Object {
      "backgroundColor": "#ffffff",
      "flex": 1,
    }
  }
>
  <Connect(StatusBar) />
  <FailedNetworkAction
    errorDescription={
      Object {
        "defaultMessage": "{type} will load when you have an internet connection or {refresh}.",
        "id": "mobile.failed_network_action.shortDescription",
        "values": Object {
          "refresh": <FormattedText
            defaultMessage="try again"
            id="mobile.failed_network_action.retry"
            onPress={[Function]}
            style={
              Object {
                "color": "#2389d7",
              }
            }
          />,
          "type": <FormattedText
            defaultMessage="Teams"
            id="mobile.failed_network_action.description.teams"
          />,
        },
      }
    }
    errorTitle={
      Object {
        "defaultMessage": "No internet connection",
        "id": "mobile.failed_network_action.title",
      }
    }
    theme={
      Object {
        "awayIndicator": "#ffbc42",
        "buttonBg": "#166de0",
        "buttonColor": "#ffffff",
        "centerChannelBg": "#ffffff",
        "centerChannelColor": "#3d3c40",
        "codeTheme": "github",
        "dndIndicator": "#f74343",
        "errorTextColor": "#fd5960",
        "linkColor": "#2389d7",
        "mentionBj": "#ffffff",
        "mentionColor": "#145dbf",
        "mentionHighlightBg": "#ffe577",
        "mentionHighlightLink": "#166de0",
        "newMessageSeparator": "#ff8800",
        "onlineIndicator": "#06d6a0",
        "sidebarBg": "#145dbf",
        "sidebarHeaderBg": "#1153ab",
        "sidebarHeaderTextColor": "#ffffff",
        "sidebarText": "#ffffff",
        "sidebarTextActiveBorder": "#579eff",
        "sidebarTextActiveColor": "#ffffff",
        "sidebarTextHoverBg": "#4578bf",
        "sidebarUnreadText": "#ffffff",
        "type": "Mattermost",
      }
    }
  />
</View>
`;
